PIPELINE MATRIX  started Wed Aug 26 05:24:18 BST 2026

############################################################
# python scripts/06_evaluate_pipeline.py --mode single    --conf 0.001 --tag 01_single_stage_baseline
############################################################
========================================================================
PIPELINE EVALUATION - mode=single  conf=0.001  split=test
========================================================================
Detector   : C:\Users\faalv\Desktop\University stuff\10th sem\CVPR\Project1\runs\stage1_yolo26n\train\weights\best.pt

Images: 649

Computing mAP...

========================================================================
RESULTS
========================================================================
mode                       : single
conf                       : 0.001
predictions                : 35788
ground-truth objects       : 3805

mAP@50                     : 0.7432
mAP@50-95                  : 0.5974

localised (IoU>=0.5)       : 3770/3805 = 0.9908
END-TO-END RECOGNITION ACC : 3481/3805 = 0.9148
class acc | localised      : 0.9233

------------------------------------------------------------------------
TIMING (per frame, 1920x1080, batch=1)
------------------------------------------------------------------------
  image read (CPU/disk)    :    8.98 ms
  Stage 1 detect           :   15.84 ms
  crop + preprocess        :    0.00 ms
  Stage 2 classify         :    0.00 ms
  ----------------------------------------
  pipeline total           :   24.82 ms  ->  40.3 FPS
  excluding disk read      :   15.84 ms  ->  63.1 FPS
  crops processed          : 0 (0.0/frame)

------------------------------------------------------------------------
class                AP50   AP50-95     GT  localised   e2e acc
------------------------------------------------------------------------
person             0.8484    0.6329    844     0.9893    0.9455
rickshaw           0.9404    0.8156   1129     0.9965    0.9770
rickshaw_van       0.6578    0.4356     83     0.9639    0.7590
auto_rickshaw      0.9030    0.8090    228     0.9825    0.9123
truck              0.4244    0.3094     29     0.8276    0.4483
pickup_truck       0.5326    0.3691     65     0.9846    0.4769
private_car        0.9342    0.8156    543     0.9982    0.9411
motorcycle         0.9244    0.7003    509     0.9980    0.9666
bicycle            0.7956    0.6088    121     0.9835    0.6777
bus                0.7345    0.5647     86     0.9535    0.9186
micro_bus          0.7862    0.7175    105     1.0000    0.6667
covered_van        0.3919    0.3280     24     1.0000    0.3750
human_hauler       0.7876    0.6603     39     0.9744    0.5641

Saved -> C:\Users\faalv\Desktop\University stuff\10th sem\CVPR\Project1\runs\pipeline_eval\01_single_stage_baseline

############################################################
# python scripts/06_evaluate_pipeline.py --mode two-stage --conf 0.001 --cls-checkpoint runs/stage2_convnext_tiny_v2/checkpoints/best.pt --tag 02_two_stage_v2
############################################################
========================================================================
PIPELINE EVALUATION - mode=two-stage  conf=0.001  split=test
========================================================================
Detector   : C:\Users\faalv\Desktop\University stuff\10th sem\CVPR\Project1\runs\stage1_yolo26n\train\weights\best.pt
Classifier : runs\stage2_convnext_tiny_v2\checkpoints\best.pt
             version=v2 preprocessing=pad_to_square
             class map: 13 classes -> detector indices

Images: 649

Computing mAP...

========================================================================
RESULTS
========================================================================
mode                       : two-stage
conf                       : 0.001
predictions                : 35788
ground-truth objects       : 3805

mAP@50                     : 0.7583
mAP@50-95                  : 0.6124

localised (IoU>=0.5)       : 3770/3805 = 0.9908
END-TO-END RECOGNITION ACC : 3646/3805 = 0.9582
class acc | localised      : 0.9671

------------------------------------------------------------------------
TIMING (per frame, 1920x1080, batch=1)
------------------------------------------------------------------------
  image read (CPU/disk)    :   10.61 ms
  Stage 1 detect           :   16.92 ms
  crop + preprocess        :   70.82 ms
  Stage 2 classify         :   61.46 ms
  ----------------------------------------
  pipeline total           :  159.81 ms  ->  6.3 FPS
  excluding disk read      :  149.20 ms  ->  6.7 FPS
  crops processed          : 35788 (55.1/frame)

------------------------------------------------------------------------
class                AP50   AP50-95     GT  localised   e2e acc
------------------------------------------------------------------------
person             0.8448    0.6301    844     0.9893    0.9727
rickshaw           0.9400    0.8158   1129     0.9965    0.9770
rickshaw_van       0.6302    0.4168     83     0.9639    0.7831
auto_rickshaw      0.9151    0.8182    228     0.9825    0.9649
truck              0.3258    0.2642     29     0.8276    0.4138
pickup_truck       0.7403    0.5268     65     0.9846    0.8769
private_car        0.9319    0.8130    543     0.9982    0.9761
motorcycle         0.9291    0.7022    509     0.9980    0.9902
bicycle            0.7997    0.6106    121     0.9835    0.8926
bus                0.7964    0.6113     86     0.9535    0.9419
micro_bus          0.8111    0.7364    105     1.0000    0.8857
covered_van        0.4585    0.3927     24     1.0000    0.7083
human_hauler       0.7353    0.6232     39     0.9744    0.8974

Saved -> C:\Users\faalv\Desktop\University stuff\10th sem\CVPR\Project1\runs\pipeline_eval\02_two_stage_v2

############################################################
# python scripts/06_evaluate_pipeline.py --mode two-stage --conf 0.001 --cls-checkpoint runs/stage2_convnext_tiny/checkpoints/best.pt --tag 03_two_stage_v1
############################################################
========================================================================
PIPELINE EVALUATION - mode=two-stage  conf=0.001  split=test
========================================================================
Detector   : C:\Users\faalv\Desktop\University stuff\10th sem\CVPR\Project1\runs\stage1_yolo26n\train\weights\best.pt
Classifier : runs\stage2_convnext_tiny\checkpoints\best.pt
             version=v1 preprocessing=resize_centercrop
             class map: 13 classes -> detector indices

Images: 649

Computing mAP...

========================================================================
RESULTS
========================================================================
mode                       : two-stage
conf                       : 0.001
predictions                : 35788
ground-truth objects       : 3805

mAP@50                     : 0.7443
mAP@50-95                  : 0.5975

localised (IoU>=0.5)       : 3770/3805 = 0.9908
END-TO-END RECOGNITION ACC : 3556/3805 = 0.9346
class acc | localised      : 0.9432

------------------------------------------------------------------------
TIMING (per frame, 1920x1080, batch=1)
------------------------------------------------------------------------
  image read (CPU/disk)    :   10.57 ms
  Stage 1 detect           :   17.14 ms
  crop + preprocess        :   95.00 ms
  Stage 2 classify         :   62.64 ms
  ----------------------------------------
  pipeline total           :  185.36 ms  ->  5.4 FPS
  excluding disk read      :  174.78 ms  ->  5.7 FPS
  crops processed          : 35788 (55.1/frame)

------------------------------------------------------------------------
class                AP50   AP50-95     GT  localised   e2e acc
------------------------------------------------------------------------
person             0.8255    0.6161    844     0.9893    0.9656
rickshaw           0.9342    0.8087   1129     0.9965    0.9690
rickshaw_van       0.5912    0.3933     83     0.9639    0.7590
auto_rickshaw      0.8813    0.7925    228     0.9825    0.9342
truck              0.3124    0.2393     29     0.8276    0.4483
pickup_truck       0.7744    0.5466     65     0.9846    0.8615
private_car        0.9061    0.7898    543     0.9982    0.9466
motorcycle         0.8950    0.6749    509     0.9980    0.9253
bicycle            0.8054    0.6069    121     0.9835    0.8760
bus                0.7422    0.5496     86     0.9535    0.8488
micro_bus          0.7465    0.6761    105     1.0000    0.8190
covered_van        0.5015    0.4325     24     1.0000    0.7083
human_hauler       0.7603    0.6416     39     0.9744    0.8974

Saved -> C:\Users\faalv\Desktop\University stuff\10th sem\CVPR\Project1\runs\pipeline_eval\03_two_stage_v1

############################################################
# python scripts/06_evaluate_pipeline.py --mode two-stage --conf 0.05 --cls-checkpoint runs/stage2_convnext_tiny_v2/checkpoints/best.pt --tag 04_op_conf005
############################################################
========================================================================
PIPELINE EVALUATION - mode=two-stage  conf=0.05  split=test
========================================================================
Detector   : C:\Users\faalv\Desktop\University stuff\10th sem\CVPR\Project1\runs\stage1_yolo26n\train\weights\best.pt
Classifier : runs\stage2_convnext_tiny_v2\checkpoints\best.pt
             version=v2 preprocessing=pad_to_square
             class map: 13 classes -> detector indices

Images: 649

Computing mAP...

========================================================================
RESULTS
========================================================================
mode                       : two-stage
conf                       : 0.05
predictions                : 6320
ground-truth objects       : 3805

mAP@50                     : 0.7448
mAP@50-95                  : 0.6020

localised (IoU>=0.5)       : 3603/3805 = 0.9469
END-TO-END RECOGNITION ACC : 3489/3805 = 0.9170
class acc | localised      : 0.9684

------------------------------------------------------------------------
TIMING (per frame, 1920x1080, batch=1)
------------------------------------------------------------------------
  image read (CPU/disk)    :   10.47 ms
  Stage 1 detect           :   16.94 ms
  crop + preprocess        :   16.41 ms
  Stage 2 classify         :   19.02 ms
  ----------------------------------------
  pipeline total           :   62.84 ms  ->  15.9 FPS
  excluding disk read      :   52.36 ms  ->  19.1 FPS
  crops processed          : 6320 (9.7/frame)

------------------------------------------------------------------------
class                AP50   AP50-95     GT  localised   e2e acc
------------------------------------------------------------------------
person             0.8199    0.6147    844     0.9135    0.8981
rickshaw           0.9314    0.8059   1129     0.9708    0.9557
rickshaw_van       0.6124    0.4056     83     0.8554    0.6988
auto_rickshaw      0.8995    0.8068    228     0.9386    0.9254
truck              0.3179    0.2588     29     0.7586    0.3793
pickup_truck       0.7281    0.5169     65     0.9385    0.8462
private_car        0.9221    0.8009    543     0.9724    0.9540
motorcycle         0.9111    0.6913    509     0.9705    0.9528
bicycle            0.7801    0.5978    121     0.9008    0.8182
bus                0.7772    0.5988     86     0.8721    0.8605
micro_bus          0.8023    0.7281    105     0.9810    0.8667
covered_van        0.4528    0.3869     24     0.9583    0.7083
human_hauler       0.7280    0.6130     39     0.9231    0.8462

Saved -> C:\Users\faalv\Desktop\University stuff\10th sem\CVPR\Project1\runs\pipeline_eval\04_op_conf005

############################################################
# python scripts/06_evaluate_pipeline.py --mode two-stage --conf 0.10 --cls-checkpoint runs/stage2_convnext_tiny_v2/checkpoints/best.pt --tag 05_op_conf010
############################################################
========================================================================
PIPELINE EVALUATION - mode=two-stage  conf=0.1  split=test
========================================================================
Detector   : C:\Users\faalv\Desktop\University stuff\10th sem\CVPR\Project1\runs\stage1_yolo26n\train\weights\best.pt
Classifier : runs\stage2_convnext_tiny_v2\checkpoints\best.pt
             version=v2 preprocessing=pad_to_square
             class map: 13 classes -> detector indices

Images: 649

Computing mAP...

========================================================================
RESULTS
========================================================================
mode                       : two-stage
conf                       : 0.1
predictions                : 5279
ground-truth objects       : 3805

mAP@50                     : 0.7305
mAP@50-95                  : 0.5918

localised (IoU>=0.5)       : 3517/3805 = 0.9243
END-TO-END RECOGNITION ACC : 3409/3805 = 0.8959
class acc | localised      : 0.9693

------------------------------------------------------------------------
TIMING (per frame, 1920x1080, batch=1)
------------------------------------------------------------------------
  image read (CPU/disk)    :   10.42 ms
  Stage 1 detect           :   17.20 ms
  crop + preprocess        :   14.40 ms
  Stage 2 classify         :   17.72 ms
  ----------------------------------------
  pipeline total           :   59.74 ms  ->  16.7 FPS
  excluding disk read      :   49.32 ms  ->  20.3 FPS
  crops processed          : 5279 (8.1/frame)

------------------------------------------------------------------------
class                AP50   AP50-95     GT  localised   e2e acc
------------------------------------------------------------------------
person             0.8033    0.6034    844     0.8827    0.8661
rickshaw           0.9183    0.7982   1129     0.9557    0.9442
rickshaw_van       0.5892    0.3948     83     0.8193    0.6627
auto_rickshaw      0.8865    0.7967    228     0.9167    0.9035
truck              0.3179    0.2574     29     0.7241    0.3448
pickup_truck       0.7133    0.5065     65     0.8923    0.8000
private_car        0.9156    0.7977    543     0.9595    0.9429
motorcycle         0.8977    0.6819    509     0.9548    0.9371
bicycle            0.7647    0.5843    121     0.8678    0.7769
bus                0.7542    0.5854     86     0.8256    0.8256
micro_bus          0.7790    0.7088    105     0.9429    0.8286
covered_van        0.4382    0.3744     24     0.8333    0.6667
human_hauler       0.7187    0.6041     39     0.8974    0.8205

Saved -> C:\Users\faalv\Desktop\University stuff\10th sem\CVPR\Project1\runs\pipeline_eval\05_op_conf010

############################################################
# python scripts/06_evaluate_pipeline.py --mode two-stage --conf 0.25 --cls-checkpoint runs/stage2_convnext_tiny_v2/checkpoints/best.pt --tag 06_op_conf025
############################################################
========================================================================
PIPELINE EVALUATION - mode=two-stage  conf=0.25  split=test
========================================================================
Detector   : C:\Users\faalv\Desktop\University stuff\10th sem\CVPR\Project1\runs\stage1_yolo26n\train\weights\best.pt
Classifier : runs\stage2_convnext_tiny_v2\checkpoints\best.pt
             version=v2 preprocessing=pad_to_square
             class map: 13 classes -> detector indices

Images: 649

Computing mAP...

========================================================================
RESULTS
========================================================================
mode                       : two-stage
conf                       : 0.25
predictions                : 4167
ground-truth objects       : 3805

mAP@50                     : 0.6943
mAP@50-95                  : 0.5683

localised (IoU>=0.5)       : 3336/3805 = 0.8767
END-TO-END RECOGNITION ACC : 3248/3805 = 0.8536
class acc | localised      : 0.9736

------------------------------------------------------------------------
TIMING (per frame, 1920x1080, batch=1)
------------------------------------------------------------------------
  image read (CPU/disk)    :   10.44 ms
  Stage 1 detect           :   16.99 ms
  crop + preprocess        :   11.80 ms
  Stage 2 classify         :   16.34 ms
  ----------------------------------------
  pipeline total           :   55.56 ms  ->  18.0 FPS
  excluding disk read      :   45.13 ms  ->  22.2 FPS
  crops processed          : 4167 (6.4/frame)

------------------------------------------------------------------------
class                AP50   AP50-95     GT  localised   e2e acc
------------------------------------------------------------------------
person             0.7704    0.5826    844     0.8294    0.8152
rickshaw           0.9029    0.7888   1129     0.9318    0.9238
rickshaw_van       0.5731    0.3894     83     0.7952    0.6506
auto_rickshaw      0.8633    0.7772    228     0.8816    0.8728
truck              0.3179    0.2574     29     0.6552    0.3448
pickup_truck       0.6634    0.4807     65     0.8000    0.7231
private_car        0.8772    0.7746    543     0.9116    0.8987
motorcycle         0.8592    0.6573    509     0.8978    0.8861
bicycle            0.7296    0.5624    121     0.8099    0.7273
bus                0.6555    0.5220     86     0.6860    0.6860
micro_bus          0.7107    0.6497    105     0.8286    0.7333
covered_van        0.4009    0.3484     24     0.7500    0.5833
human_hauler       0.7021    0.5978     39     0.8205    0.7692

Saved -> C:\Users\faalv\Desktop\University stuff\10th sem\CVPR\Project1\runs\pipeline_eval\06_op_conf025

############################################################
# python scripts/06_evaluate_pipeline.py --mode two-stage --conf 0.50 --cls-checkpoint runs/stage2_convnext_tiny_v2/checkpoints/best.pt --tag 07_op_conf050
############################################################
========================================================================
PIPELINE EVALUATION - mode=two-stage  conf=0.5  split=test
========================================================================
Detector   : C:\Users\faalv\Desktop\University stuff\10th sem\CVPR\Project1\runs\stage1_yolo26n\train\weights\best.pt
Classifier : runs\stage2_convnext_tiny_v2\checkpoints\best.pt
             version=v2 preprocessing=pad_to_square
             class map: 13 classes -> detector indices

Images: 649

Computing mAP...

========================================================================
RESULTS
========================================================================
mode                       : two-stage
conf                       : 0.5
predictions                : 3264
ground-truth objects       : 3805

mAP@50                     : 0.6081
mAP@50-95                  : 0.5066

localised (IoU>=0.5)       : 2961/3805 = 0.7782
END-TO-END RECOGNITION ACC : 2907/3805 = 0.7640
class acc | localised      : 0.9818

------------------------------------------------------------------------
TIMING (per frame, 1920x1080, batch=1)
------------------------------------------------------------------------
  image read (CPU/disk)    :   10.48 ms
  Stage 1 detect           :   16.76 ms
  crop + preprocess        :    9.70 ms
  Stage 2 classify         :   15.08 ms
  ----------------------------------------
  pipeline total           :   52.02 ms  ->  19.2 FPS
  excluding disk read      :   41.54 ms  ->  24.1 FPS
  crops processed          : 3264 (5.0/frame)

------------------------------------------------------------------------
class                AP50   AP50-95     GT  localised   e2e acc
------------------------------------------------------------------------
person             0.6836    0.5216    844     0.7050    0.7002
rickshaw           0.8335    0.7410   1129     0.8494    0.8468
rickshaw_van       0.4614    0.3273     83     0.5783    0.4819
auto_rickshaw      0.8077    0.7378    228     0.8202    0.8158
truck              0.2750    0.2223     29     0.5517    0.3103
pickup_truck       0.5727    0.4174     65     0.6615    0.6154
private_car        0.8326    0.7428    543     0.8564    0.8471
motorcycle         0.7809    0.6084    509     0.8055    0.7996
bicycle            0.6368    0.4982    121     0.6860    0.6198
bus                0.5373    0.4500     86     0.5465    0.5465
micro_bus          0.5784    0.5374    105     0.6571    0.5810
covered_van        0.2984    0.2597     24     0.5000    0.4167
human_hauler       0.6070    0.5216     39     0.6923    0.6410

Saved -> C:\Users\faalv\Desktop\University stuff\10th sem\CVPR\Project1\runs\pipeline_eval\07_op_conf050

############################################################
# python scripts/06_evaluate_pipeline.py --mode single    --conf 0.25                      --tag 08_single_conf025
############################################################
========================================================================
PIPELINE EVALUATION - mode=single  conf=0.25  split=test
========================================================================
Detector   : C:\Users\faalv\Desktop\University stuff\10th sem\CVPR\Project1\runs\stage1_yolo26n\train\weights\best.pt

Images: 649

Computing mAP...

========================================================================
RESULTS
========================================================================
mode                       : single
conf                       : 0.25
predictions                : 4167
ground-truth objects       : 3805

mAP@50                     : 0.6446
mAP@50-95                  : 0.5262

localised (IoU>=0.5)       : 3336/3805 = 0.8767
END-TO-END RECOGNITION ACC : 3202/3805 = 0.8415
class acc | localised      : 0.9598

------------------------------------------------------------------------
TIMING (per frame, 1920x1080, batch=1)
------------------------------------------------------------------------
  image read (CPU/disk)    :    9.18 ms
  Stage 1 detect           :   17.64 ms
  crop + preprocess        :    0.00 ms
  Stage 2 classify         :    0.00 ms
  ----------------------------------------
  pipeline total           :   26.82 ms  ->  37.3 FPS
  excluding disk read      :   17.64 ms  ->  56.7 FPS
  crops processed          : 0 (0.0/frame)

------------------------------------------------------------------------
class                AP50   AP50-95     GT  localised   e2e acc
------------------------------------------------------------------------
person             0.7705    0.5797    844     0.8294    0.8092
rickshaw           0.9077    0.7884   1129     0.9318    0.9291
rickshaw_van       0.5657    0.3882     83     0.7952    0.6265
auto_rickshaw      0.8417    0.7598    228     0.8816    0.8509
truck              0.3582    0.2582     29     0.6552    0.4138
pickup_truck       0.3219    0.2248     65     0.8000    0.3692
private_car        0.8786    0.7756    543     0.9116    0.9042
motorcycle         0.8547    0.6544    509     0.8978    0.8841
bicycle            0.7054    0.5501    121     0.8099    0.6942
bus                0.6059    0.4862     86     0.6860    0.6860
micro_bus          0.6390    0.5919    105     0.8286    0.6381
covered_van        0.2180    0.1830     24     0.7500    0.3333
human_hauler       0.7121    0.6004     39     0.8205    0.7436

Saved -> C:\Users\faalv\Desktop\University stuff\10th sem\CVPR\Project1\runs\pipeline_eval\08_single_conf025

############################################################
# python scripts/06_evaluate_pipeline.py --mode two-stage --conf 0.10 --cls-checkpoint runs/stage2_convnext_tiny_v2/checkpoints/best.pt --tta --tag 09_tta_conf010
############################################################
========================================================================
PIPELINE EVALUATION - mode=two-stage  conf=0.1  split=test
========================================================================
Detector   : C:\Users\faalv\Desktop\University stuff\10th sem\CVPR\Project1\runs\stage1_yolo26n\train\weights\best.pt
Classifier : runs\stage2_convnext_tiny_v2\checkpoints\best.pt
             version=v2 preprocessing=pad_to_square
             class map: 13 classes -> detector indices

Images: 649

Computing mAP...

========================================================================
RESULTS
========================================================================
mode                       : two-stage
conf                       : 0.1
predictions                : 5279
ground-truth objects       : 3805

mAP@50                     : 0.7311
mAP@50-95                  : 0.5903

localised (IoU>=0.5)       : 3517/3805 = 0.9243
END-TO-END RECOGNITION ACC : 3413/3805 = 0.8970
class acc | localised      : 0.9704

------------------------------------------------------------------------
TIMING (per frame, 1920x1080, batch=1)
------------------------------------------------------------------------
  image read (CPU/disk)    :   10.64 ms
  Stage 1 detect           :   16.81 ms
  crop + preprocess        :   14.25 ms
  Stage 2 classify         :   25.26 ms
  ----------------------------------------
  pipeline total           :   66.95 ms  ->  14.9 FPS
  excluding disk read      :   56.31 ms  ->  17.8 FPS
  crops processed          : 5279 (8.1/frame)

------------------------------------------------------------------------
class                AP50   AP50-95     GT  localised   e2e acc
------------------------------------------------------------------------
person             0.8028    0.6034    844     0.8827    0.8673
rickshaw           0.9174    0.7978   1129     0.9557    0.9442
rickshaw_van       0.6030    0.3950     83     0.8193    0.6747
auto_rickshaw      0.8854    0.7971    228     0.9167    0.9035
truck              0.3140    0.2540     29     0.7241    0.3448
pickup_truck       0.7419    0.5162     65     0.8923    0.8154
private_car        0.9142    0.7978    543     0.9595    0.9411
motorcycle         0.9047    0.6856    509     0.9548    0.9450
bicycle            0.7602    0.5815    121     0.8678    0.7686
bus                0.7534    0.5857     86     0.8256    0.8256
micro_bus          0.7653    0.6929    105     0.9429    0.8190
covered_van        0.4288    0.3667     24     0.8333    0.6667
human_hauler       0.7127    0.5996     39     0.8974    0.8205

Saved -> C:\Users\faalv\Desktop\University stuff\10th sem\CVPR\Project1\runs\pipeline_eval\09_tta_conf010

############################################################
# python scripts/06_evaluate_pipeline.py --mode two-stage --conf 0.10 --cls-checkpoint runs/stage2_convnext_tiny_v2/checkpoints/best.pt --imgsz 960  --tag 10_imgsz960
############################################################
========================================================================
PIPELINE EVALUATION - mode=two-stage  conf=0.1  split=test
========================================================================
Detector   : C:\Users\faalv\Desktop\University stuff\10th sem\CVPR\Project1\runs\stage1_yolo26n\train\weights\best.pt
Classifier : runs\stage2_convnext_tiny_v2\checkpoints\best.pt
             version=v2 preprocessing=pad_to_square
             class map: 13 classes -> detector indices

Images: 649

Computing mAP...

========================================================================
RESULTS
========================================================================
mode                       : two-stage
conf                       : 0.1
predictions                : 5418
ground-truth objects       : 3805

mAP@50                     : 0.6985
mAP@50-95                  : 0.5603

localised (IoU>=0.5)       : 3569/3805 = 0.9380
END-TO-END RECOGNITION ACC : 3459/3805 = 0.9091
class acc | localised      : 0.9692

------------------------------------------------------------------------
TIMING (per frame, 1920x1080, batch=1)
------------------------------------------------------------------------
  image read (CPU/disk)    :   10.86 ms
  Stage 1 detect           :   18.93 ms
  crop + preprocess        :   14.33 ms
  Stage 2 classify         :   17.20 ms
  ----------------------------------------
  pipeline total           :   61.31 ms  ->  16.3 FPS
  excluding disk read      :   50.46 ms  ->  19.8 FPS
  crops processed          : 5418 (8.3/frame)

------------------------------------------------------------------------
class                AP50   AP50-95     GT  localised   e2e acc
------------------------------------------------------------------------
person             0.8424    0.6374    844     0.9289    0.9111
rickshaw           0.9341    0.8172   1129     0.9690    0.9575
rickshaw_van       0.5425    0.3396     83     0.7349    0.6145
auto_rickshaw      0.9032    0.8188    228     0.9474    0.9254
truck              0.2367    0.1871     29     0.6207    0.2759
pickup_truck       0.5764    0.4181     65     0.8615    0.7385
private_car        0.9148    0.8070    543     0.9650    0.9466
motorcycle         0.9041    0.6874    509     0.9528    0.9450
bicycle            0.7395    0.5362    121     0.9008    0.7603
bus                0.7051    0.5191     86     0.8023    0.8023
micro_bus          0.8440    0.7631    105     0.9905    0.8952
covered_van        0.2422    0.2008     24     0.5833    0.3750
human_hauler       0.6951    0.5526     39     0.8974    0.8205

Saved -> C:\Users\faalv\Desktop\University stuff\10th sem\CVPR\Project1\runs\pipeline_eval\10_imgsz960

############################################################
# python scripts/06_evaluate_pipeline.py --mode two-stage --conf 0.10 --cls-checkpoint runs/stage2_convnext_tiny_v2/checkpoints/best.pt --imgsz 1280 --tag 11_imgsz1280
############################################################
========================================================================
PIPELINE EVALUATION - mode=two-stage  conf=0.1  split=test
========================================================================
Detector   : C:\Users\faalv\Desktop\University stuff\10th sem\CVPR\Project1\runs\stage1_yolo26n\train\weights\best.pt
Classifier : runs\stage2_convnext_tiny_v2\checkpoints\best.pt
             version=v2 preprocessing=pad_to_square
             class map: 13 classes -> detector indices

Images: 649

Computing mAP...

========================================================================
RESULTS
========================================================================
mode                       : two-stage
conf                       : 0.1
predictions                : 5622
ground-truth objects       : 3805

mAP@50                     : 0.6506
mAP@50-95                  : 0.5047

localised (IoU>=0.5)       : 3482/3805 = 0.9151
END-TO-END RECOGNITION ACC : 3372/3805 = 0.8862
class acc | localised      : 0.9684

------------------------------------------------------------------------
TIMING (per frame, 1920x1080, batch=1)
------------------------------------------------------------------------
  image read (CPU/disk)    :   10.61 ms
  Stage 1 detect           :   22.54 ms
  crop + preprocess        :   14.56 ms
  Stage 2 classify         :   17.58 ms
  ----------------------------------------
  pipeline total           :   65.29 ms  ->  15.3 FPS
  excluding disk read      :   54.68 ms  ->  18.3 FPS
  crops processed          : 5622 (8.7/frame)

------------------------------------------------------------------------
class                AP50   AP50-95     GT  localised   e2e acc
------------------------------------------------------------------------
person             0.8053    0.5944    844     0.9194    0.9040
rickshaw           0.9087    0.7739   1129     0.9504    0.9389
rickshaw_van       0.4220    0.2563     83     0.6506    0.5060
auto_rickshaw      0.8670    0.7771    228     0.9211    0.8991
truck              0.1924    0.1510     29     0.6207    0.2759
pickup_truck       0.5983    0.3988     65     0.7846    0.7077
private_car        0.9063    0.7683    543     0.9650    0.9429
motorcycle         0.8531    0.6091    509     0.9253    0.9116
bicycle            0.6669    0.4767    121     0.8264    0.7190
bus                0.6046    0.4169     86     0.6860    0.6860
micro_bus          0.7676    0.6740    105     0.9143    0.8286
covered_van        0.2337    0.1951     24     0.6250    0.3750
human_hauler       0.6327    0.4688     39     0.8974    0.7692

Saved -> C:\Users\faalv\Desktop\University stuff\10th sem\CVPR\Project1\runs\pipeline_eval\11_imgsz1280

############################################################
# python scripts/06_evaluate_pipeline.py --mode single    --conf 0.001 --imgsz 960          --tag 12_single_imgsz960
############################################################
========================================================================
PIPELINE EVALUATION - mode=single  conf=0.001  split=test
========================================================================
Detector   : C:\Users\faalv\Desktop\University stuff\10th sem\CVPR\Project1\runs\stage1_yolo26n\train\weights\best.pt

Images: 649

Computing mAP...

========================================================================
RESULTS
========================================================================
mode                       : single
conf                       : 0.001
predictions                : 33425
ground-truth objects       : 3805

mAP@50                     : 0.7165
mAP@50-95                  : 0.5731

localised (IoU>=0.5)       : 3757/3805 = 0.9874
END-TO-END RECOGNITION ACC : 3503/3805 = 0.9206
class acc | localised      : 0.9324

------------------------------------------------------------------------
TIMING (per frame, 1920x1080, batch=1)
------------------------------------------------------------------------
  image read (CPU/disk)    :    9.19 ms
  Stage 1 detect           :   18.62 ms
  crop + preprocess        :    0.00 ms
  Stage 2 classify         :    0.00 ms
  ----------------------------------------
  pipeline total           :   27.82 ms  ->  36.0 FPS
  excluding disk read      :   18.62 ms  ->  53.7 FPS
  crops processed          : 0 (0.0/frame)

------------------------------------------------------------------------
class                AP50   AP50-95     GT  localised   e2e acc
------------------------------------------------------------------------
person             0.8668    0.6557    844     0.9905    0.9680
rickshaw           0.9459    0.8287   1129     0.9911    0.9734
rickshaw_van       0.5753    0.3599     83     0.8675    0.6627
auto_rickshaw      0.9273    0.8384    228     0.9912    0.9430
truck              0.4479    0.3389     29     0.7931    0.3103
pickup_truck       0.5832    0.4430     65     1.0000    0.6462
private_car        0.9413    0.8290    543     0.9982    0.9484
motorcycle         0.9264    0.7019    509     0.9980    0.9587
bicycle            0.8236    0.5937    121     0.9917    0.7355
bus                0.5727    0.4230     86     0.9186    0.8488
micro_bus          0.7202    0.6596    105     1.0000    0.6286
covered_van        0.2590    0.2188     24     0.9583    0.5000
human_hauler       0.7244    0.5596     39     1.0000    0.5897

Saved -> C:\Users\faalv\Desktop\University stuff\10th sem\CVPR\Project1\runs\pipeline_eval\12_single_imgsz960

PIPELINE MATRIX  finished Wed Aug 26 05:36:02 BST 2026
